Building shot_features_fenwick (reads shots + plays_context)...
Done. 364,074 rows in shot_features_fenwick.

--- 1. Parity with legacy shot_features on shared rows (2022 must be all zeros; 2023/2024 nonzero only in the context columns) ---
  season_start | rows_compared | static_cols | secs_since_last | dist_from_last | last_event | is_rebound | is_rush
  -------------+---------------+-------------+-----------------+----------------+------------+------------+--------
  2022         | 87538         | 0           | 0               | 0              | 0          | 0          | 0      
  2023         | 84434         | 0           | 1066            | 1074           | 924        | 13         | 0      
  2024         | 79007         | 0           | 1170            | 1179           | 981        | 28         | 0      

--- 2. Legacy rows missing from the new table (expected: only game type 02, period 5) ---
  season_start | game_type | period | legacy_rows_missing
  -------------+-----------+--------+--------------------
  2022         | 02        | 5      | 548                
  2023         | 02        | 5      | 498                
  2024         | 02        | 5      | 425                

--- 3. Rows and goals by season and event type (missed-shot goals must be 0) ---
  season_start | event_type   | n     | goals
  -------------+--------------+-------+------
  2022         | goal         | 8801  | 8801 
  2022         | missed-shot  | 34528 | 0    
  2022         | shot-on-goal | 78737 | 0    
  2023         | goal         | 8590  | 8590 
  2023         | missed-shot  | 38095 | 0    
  2023         | shot-on-goal | 75844 | 0    
  2024         | goal         | 8435  | 8435 
  2024         | missed-shot  | 40472 | 0    
  2024         | shot-on-goal | 70572 | 0    

--- 4. Goal rate by distance band, regular season, no empty net (each band should be flat across seasons) ---
  band     | season_start | n     | goal_pct
  ---------+--------------+-------+---------
  a_lt20   | 2022         | 35086 | 12.32   
  a_lt20   | 2023         | 34488 | 12.40   
  a_lt20   | 2024         | 32018 | 12.36   
  b_20_40  | 2022         | 37742 | 7.20    
  b_20_40  | 2023         | 37709 | 6.88    
  b_20_40  | 2024         | 37056 | 7.17    
  c_40_60  | 2022         | 30047 | 2.31    
  c_40_60  | 2023         | 28343 | 2.33    
  c_40_60  | 2024         | 27512 | 2.33    
  d_60plus | 2022         | 10476 | 0.71    
  d_60plus | 2023         | 13519 | 0.78    
  d_60plus | 2024         | 14294 | 0.85    

--- 5. Attempts from behind the goal line per game, regular season (flat if dropping failed-bank-attempt was right) ---
  season_start | behind_line_per_game
  -------------+---------------------
  2022         | 0.767               
  2023         | 1.245               
  2024         | 0.798               

--- 6. Goal rate by model shot_type and season, regular season, no empty net (each type should be roughly flat) ---
  shot_type    | season_start | n     | goal_pct
  -------------+--------------+-------+---------
  backhand     | 2022         | 8395  | 7.66    
  backhand     | 2023         | 8094  | 7.93    
  backhand     | 2024         | 7753  | 8.10    
  bat          | 2022         | 287   | 16.38   
  bat          | 2023         | 427   | 13.58   
  bat          | 2024         | 399   | 10.53   
  between-legs | 2022         | 68    | 8.82    
  between-legs | 2023         | 80    | 11.25   
  between-legs | 2024         | 71    | 1.41    
  cradle       | 2022         | 7     | 14.29   
  cradle       | 2023         | 9     | 33.33   
  cradle       | 2024         | 10    | 0.00    
  deflected    | 2022         | 2280  | 9.78    
  deflected    | 2023         | 2325  | 8.17    
  deflected    | 2024         | 1917  | 10.02   
  poke         | 2022         | 418   | 12.20   
  poke         | 2023         | 428   | 9.35    
  poke         | 2024         | 453   | 13.91   
  slap         | 2022         | 13834 | 5.16    
  slap         | 2023         | 13538 | 4.94    
  slap         | 2024         | 13055 | 4.69    
  tip-in       | 2022         | 9636  | 8.77    
  tip-in       | 2023         | 10096 | 8.34    
  tip-in       | 2024         | 9829  | 7.76    
  wrap-around  | 2022         | 973   | 5.55    
  wrap-around  | 2023         | 905   | 6.08    
  wrap-around  | 2024         | 779   | 4.75    
  wrist-snap   | 2022         | 77453 | 6.75    
  wrist-snap   | 2023         | 78157 | 6.56    
  wrist-snap   | 2024         | 76614 | 6.58    

--- 7. Raw wrist vs snap by season (why they are merged) ---
  raw_shot_type | season_start | n     | goal_pct | avg_ft
  --------------+--------------+-------+----------+-------
  snap          | 2022         | 17504 | 8.68     | 34.8  
  snap          | 2023         | 15948 | 9.29     | 34.8  
  snap          | 2024         | 22924 | 8.38     | 36.0  
  wrist         | 2022         | 59932 | 6.16     | 37.6  
  wrist         | 2023         | 62199 | 5.85     | 38.7  
  wrist         | 2024         | 53670 | 5.77     | 39.8  

--- 8. Categorical values that give away the answer (expected: 0 rows). Flags any value that is always a goal (n >= 10) or never a goal (n >= 200) ---
  feature | value | n | goals
  --------+-------+---+------
  (0 rows)
