/home/bobert/my-projects/hockey-hacks/model/train_v1_fenwick.py:67: UserWarning: pandas only supports SQLAlchemy connectable (engine/connection) or database string URI or sqlite3 DBAPI2 connection. Other DBAPI2 objects are not tested. Please consider using SQLAlchemy.
  df = pd.read_sql(query, conn)
============================================================
v1-fenwick: v1 features + hyperparameters on shot_features_fenwick
============================================================
Loaded 364,074 unblocked attempts from shot_features_fenwick, 2022-10-07 to 2025-06-17
Seasons present: [20222023, 20232024, 20242025]

Event mix by season (share of rows):
event_type   goal  missed-shot  shot-on-goal
season                                      
20222023    0.072        0.283         0.645
20232024    0.070        0.311         0.619
20242025    0.071        0.339         0.591
Leakage check: 4,181/4,198 games (99.6%) have varying score_diff across shots — expect >80% for non-leaky in-game state.
Train: season 20222023, 122,066 shots, 7.21% goals
Val:   season 20232024, 122,529 shots, 7.01% goals
Test:  season 20242025, 119,479 shots, 7.06% goals

Training LightGBM (early stopping on VALIDATION set, test untouched)...
[50]	val's auc: 0.770888
[100]	val's auc: 0.773303
[150]	val's auc: 0.773734
[200]	val's auc: 0.773772
Best iteration: 186

--- Train (sanity only) metrics ---
  ROC-AUC:   0.8286  (spec target > 0.75)
  PR-AUC:    0.3382  (baseline = 0.0721)
  Log-loss:  0.2075
  Brier:     0.0575
  Baseline (predict p=mean): Brier 0.0669
  O/E:       0.9997  (observed 0.0721, predicted 0.0721)
  Cal slope: 1.4305  (intercept 0.8987)

--- Validation (used for early stop) metrics ---
  ROC-AUC:   0.7739  (spec target > 0.75)
  PR-AUC:    0.2438  (baseline = 0.0701)
  Log-loss:  0.2185
  Brier:     0.0592
  Baseline (predict p=mean): Brier 0.0652
  O/E:       1.0190  (observed 0.0701, predicted 0.0688)
  Cal slope: 1.0061  (intercept 0.0356)

--- Test (held out, touch once) metrics ---
  ROC-AUC:   0.7677  (spec target > 0.75)
  PR-AUC:    0.2464  (baseline = 0.0706)
  Log-loss:  0.2204
  Brier:     0.0596
  Baseline (predict p=mean): Brier 0.0656
  O/E:       1.0135  (observed 0.0706, predicted 0.0697)
  Cal slope: 0.9596  (intercept -0.0726)

--- Reliability on VAL ---
 bin     n  mean_pred  actual_rate  pred_vs_actual_gap
   0 12253     0.0053       0.0048              0.0005
   1 12253     0.0119       0.0095              0.0024
   2 12253     0.0178       0.0178              0.0001
   3 12253     0.0267       0.0284             -0.0017
   4 12253     0.0391       0.0424             -0.0033
   5 12252     0.0544       0.0526              0.0018
   6 12253     0.0735       0.0765             -0.0030
   7 12253     0.0961       0.1036             -0.0075
   8 12253     0.1295       0.1359             -0.0064
   9 12253     0.2336       0.2296              0.0040
Max gap (val): 0.0075

--- Reliability on TEST ---
 bin     n  mean_pred  actual_rate  pred_vs_actual_gap
   0 11948     0.0052       0.0052              0.0000
   1 11948     0.0116       0.0107              0.0009
   2 11948     0.0172       0.0194             -0.0022
   3 11948     0.0256       0.0262             -0.0006
   4 11948     0.0384       0.0439             -0.0055
   5 11947     0.0544       0.0592             -0.0048
   6 11948     0.0739       0.0805             -0.0066
   7 11948     0.0973       0.1037             -0.0064
   8 11948     0.1311       0.1291              0.0021
   9 11948     0.2419       0.2281              0.0138
Max gap (test): 0.0138

--- LightGBM gain importance ---
                    feature         gain
                distance_ft 78433.309604
                  empty_net 28243.089603
                  angle_deg 19958.808764
   seconds_since_last_event 13919.520797
distance_from_last_event_ft 13764.310265
                  shot_type 11219.828954
             strength_state 11208.401775
seconds_remaining_in_period 11191.188699
                     y_norm  8138.377920
                     x_norm  5312.438611
            last_event_type  3381.485489
                 score_diff  2514.757467
                 period_num  1898.654869
                 is_rebound   913.220509
                    is_rush   108.235839

============================================================
Shots-on-goal reference (different population, not comparable):
  v1    test AUC 0.7705  max gap 0.0244
  v2.3  test AUC 0.7707  max gap 0.0167  O/E 1.070
============================================================

Model and meta saved to /home/bobert/my-projects/hockey-hacks/model/artifacts/xg_v1_fenwick*

Results written to /home/bobert/my-projects/hockey-hacks/results/v1-fenwick/
  metrics.json  reliability.csv  calibration.png  feature_importance.csv
Leaderboard written to /home/bobert/my-projects/hockey-hacks/results/leaderboard.md

--- Permutation importance on TEST (what the model relies on) ---
                    feature  auc_drop_mean  auc_drop_std
                distance_ft         0.1765        0.0037
                  angle_deg         0.0266        0.0009
                  shot_type         0.0229        0.0001
                  empty_net         0.0210        0.0004
             strength_state         0.0092        0.0003
                     y_norm         0.0072        0.0007
   seconds_since_last_event         0.0033        0.0003
                     x_norm         0.0021        0.0003
distance_from_last_event_ft         0.0006        0.0003
                 period_num         0.0003        0.0001
                    is_rush         0.0002        0.0000
                 score_diff        -0.0000        0.0001
seconds_remaining_in_period        -0.0001        0.0002
            last_event_type        -0.0004        0.0004
                 is_rebound        -0.0006        0.0001
Saved to /home/bobert/my-projects/hockey-hacks/results/v1-fenwick/perm_importance.csv

Done.
